// Jest Snapshot v1, https://goo.gl/fbAQLP

exports[`Home renders correctly 1`] = `
<div
  className="home"
>
  <h1>
    Hello Traveler!
  </h1>
  <p>
    Welcome to Math Magicians! This app is designed to make your life easier by allowing you to quickly and easily calculate anything you need. Whether you're trying to figure out a math problem or solve a complex equation, this app will do the trick. So go ahead, click calculator and solve those problems!
  </p>
</div>
`;
