// Jest Snapshot v1, https://goo.gl/fbAQLP

exports[`Quote renders correctly 1`] = `
<div
  className="quote"
>
  <p
    data-testid="5"
  >
    Pure mathematics is, in its way, the poetry of logical ideas. - Albert Einstein
  </p>
</div>
`;
